Archive member included to satisfy reference by file (symbol)

C:\Users\mio\Desktop\CardKB_Serial\CardKeyboard\ArduinoCore\Debug\libArduinoCore.a(main.o)
                              C:/Program Files (x86)/Atmel/Studio/7.0/Packs/atmel/ATmega_DFP/1.3.300/gcc/dev/atmega328p/avr5/crtatmega328p.o (main)
C:\Users\mio\Desktop\CardKB_Serial\CardKeyboard\ArduinoCore\Debug\libArduinoCore.a(Print.o)
                              SoftwareSerial.o (_ZN5Print5writeEPKhj)
C:\Users\mio\Desktop\CardKB_Serial\CardKeyboard\ArduinoCore\Debug\libArduinoCore.a(wiring.o)
                              Adafruit_NeoPixel.o (micros)
C:\Users\mio\Desktop\CardKB_Serial\CardKeyboard\ArduinoCore\Debug\libArduinoCore.a(wiring_digital.o)
                              Adafruit_NeoPixel.o (pinMode)
C:\Users\mio\Desktop\CardKB_Serial\CardKeyboard\ArduinoCore\Debug\libArduinoCore.a(abi.o)
                              C:\Users\mio\Desktop\CardKB_Serial\CardKeyboard\ArduinoCore\Debug\libArduinoCore.a(Print.o) (__cxa_pure_virtual)
C:\Users\mio\Desktop\CardKB_Serial\CardKeyboard\ArduinoCore\Debug\libArduinoCore.a(hooks.o)
                              C:\Users\mio\Desktop\CardKB_Serial\CardKeyboard\ArduinoCore\Debug\libArduinoCore.a(wiring.o) (yield)
c:/program files (x86)/atmel/studio/7.0/toolchain/avr8/avr8-gnu-toolchain/bin/../lib/gcc/avr/5.4.0/../../../../avr/lib/avr5\libm.a(addsf3.o)
                              C:\Users\mio\Desktop\CardKB_Serial\CardKeyboard\ArduinoCore\Debug\libArduinoCore.a(Print.o) (__subsf3)
c:/program files (x86)/atmel/studio/7.0/toolchain/avr8/avr8-gnu-toolchain/bin/../lib/gcc/avr/5.4.0/../../../../avr/lib/avr5\libm.a(addsf3x.o)
                              c:/program files (x86)/atmel/studio/7.0/toolchain/avr8/avr8-gnu-toolchain/bin/../lib/gcc/avr/5.4.0/../../../../avr/lib/avr5\libm.a(addsf3.o) (__addsf3x)
c:/program files (x86)/atmel/studio/7.0/toolchain/avr8/avr8-gnu-toolchain/bin/../lib/gcc/avr/5.4.0/../../../../avr/lib/avr5\libm.a(cmpsf2.o)
                              C:\Users\mio\Desktop\CardKB_Serial\CardKeyboard\ArduinoCore\Debug\libArduinoCore.a(Print.o) (__ltsf2)
c:/program files (x86)/atmel/studio/7.0/toolchain/avr8/avr8-gnu-toolchain/bin/../lib/gcc/avr/5.4.0/../../../../avr/lib/avr5\libm.a(divsf3.o)
                              C:\Users\mio\Desktop\CardKB_Serial\CardKeyboard\ArduinoCore\Debug\libArduinoCore.a(Print.o) (__divsf3)
c:/program files (x86)/atmel/studio/7.0/toolchain/avr8/avr8-gnu-toolchain/bin/../lib/gcc/avr/5.4.0/../../../../avr/lib/avr5\libm.a(divsf3x.o)
                              c:/program files (x86)/atmel/studio/7.0/toolchain/avr8/avr8-gnu-toolchain/bin/../lib/gcc/avr/5.4.0/../../../../avr/lib/avr5\libm.a(divsf3.o) (__divsf3x)
c:/program files (x86)/atmel/studio/7.0/toolchain/avr8/avr8-gnu-toolchain/bin/../lib/gcc/avr/5.4.0/../../../../avr/lib/avr5\libm.a(fixunssfsi.o)
                              C:\Users\mio\Desktop\CardKB_Serial\CardKeyboard\ArduinoCore\Debug\libArduinoCore.a(Print.o) (__fixunssfsi)
c:/program files (x86)/atmel/studio/7.0/toolchain/avr8/avr8-gnu-toolchain/bin/../lib/gcc/avr/5.4.0/../../../../avr/lib/avr5\libm.a(floatsisf.o)
                              C:\Users\mio\Desktop\CardKB_Serial\CardKeyboard\ArduinoCore\Debug\libArduinoCore.a(Print.o) (__floatunsisf)
c:/program files (x86)/atmel/studio/7.0/toolchain/avr8/avr8-gnu-toolchain/bin/../lib/gcc/avr/5.4.0/../../../../avr/lib/avr5\libm.a(fp_cmp.o)
                              c:/program files (x86)/atmel/studio/7.0/toolchain/avr8/avr8-gnu-toolchain/bin/../lib/gcc/avr/5.4.0/../../../../avr/lib/avr5\libm.a(cmpsf2.o) (__fp_cmp)
c:/program files (x86)/atmel/studio/7.0/toolchain/avr8/avr8-gnu-toolchain/bin/../lib/gcc/avr/5.4.0/../../../../avr/lib/avr5\libm.a(fp_inf.o)
                              c:/program files (x86)/atmel/studio/7.0/toolchain/avr8/avr8-gnu-toolchain/bin/../lib/gcc/avr/5.4.0/../../../../avr/lib/avr5\libm.a(addsf3x.o) (__fp_inf)
c:/program files (x86)/atmel/studio/7.0/toolchain/avr8/avr8-gnu-toolchain/bin/../lib/gcc/avr/5.4.0/../../../../avr/lib/avr5\libm.a(fp_nan.o)
                              c:/program files (x86)/atmel/studio/7.0/toolchain/avr8/avr8-gnu-toolchain/bin/../lib/gcc/avr/5.4.0/../../../../avr/lib/avr5\libm.a(addsf3x.o) (__fp_nan)
c:/program files (x86)/atmel/studio/7.0/toolchain/avr8/avr8-gnu-toolchain/bin/../lib/gcc/avr/5.4.0/../../../../avr/lib/avr5\libm.a(fp_pscA.o)
                              c:/program files (x86)/atmel/studio/7.0/toolchain/avr8/avr8-gnu-toolchain/bin/../lib/gcc/avr/5.4.0/../../../../avr/lib/avr5\libm.a(addsf3x.o) (__fp_pscA)
c:/program files (x86)/atmel/studio/7.0/toolchain/avr8/avr8-gnu-toolchain/bin/../lib/gcc/avr/5.4.0/../../../../avr/lib/avr5\libm.a(fp_pscB.o)
                              c:/program files (x86)/atmel/studio/7.0/toolchain/avr8/avr8-gnu-toolchain/bin/../lib/gcc/avr/5.4.0/../../../../avr/lib/avr5\libm.a(addsf3x.o) (__fp_pscB)
[...]
Memory Configuration

Name             Origin             Length             Attributes
text             0x00000000         0x00020000         xr
data             0x00800060         0x0000ffa0         rw !x
eeprom           0x00810000         0x00010000         rw !x
fuse             0x00820000         0x00000003         rw !x
lock             0x00830000         0x00000400         rw !x
signature        0x00840000         0x00000400         rw !x
user_signatures  0x00850000         0x00000400         rw !x
*default*        0x00000000         0xffffffff

Linker script and memory map

Address of section .data set to 0x800100
LOAD C:/Program Files (x86)/Atmel/Studio/7.0/Packs/atmel/ATmega_DFP/1.3.300/gcc/dev/atmega328p/avr5/crtatmega328p.o
LOAD Adafruit_NeoPixel.o
LOAD Sketch.o
LOAD SoftwareSerial.o
LOAD twi.o
LOAD Wire.o
START GROUP
LOAD c:/program files (x86)/atmel/studio/7.0/toolchain/avr8/avr8-gnu-toolchain/bin/../lib/gcc/avr/5.4.0/../../../../avr/lib/avr5\libm.a
LOAD C:\Users\mio\Desktop\CardKB_Serial\CardKeyboard\ArduinoCore\Debug\libArduinoCore.a
END GROUP
LOAD c:/program files (x86)/atmel/studio/7.0/toolchain/avr8/avr8-gnu-toolchain/bin/../lib/gcc/avr/5.4.0/avr5\libgcc.a
LOAD c:/program files (x86)/atmel/studio/7.0/toolchain/avr8/avr8-gnu-toolchain/bin/../lib/gcc/avr/5.4.0/../../../../avr/lib/avr5\libm.a
START GROUP
LOAD c:/program files (x86)/atmel/studio/7.0/toolchain/avr8/avr8-gnu-toolchain/bin/../lib/gcc/avr/5.4.0/avr5\libgcc.a
LOAD c:/program files (x86)/atmel/studio/7.0/toolchain/avr8/avr8-gnu-toolchain/bin/../lib/gcc/avr/5.4.0/../../../../avr/lib/avr5\libm.a
LOAD c:/program files (x86)/atmel/studio/7.0/toolchain/avr8/avr8-gnu-toolchain/bin/../lib/gcc/avr/5.4.0/../../../../avr/lib/avr5\libc.a
LOAD C:/Program Files (x86)/Atmel/Studio/7.0/Packs/atmel/ATmega_DFP/1.3.300/gcc/dev/atmega328p/avr5\libatmega328p.a
END GROUP
                0x00000000                __TEXT_REGION_ORIGIN__ = DEFINED (__TEXT_REGION_ORIGIN__)?__TEXT_REGION_ORIGIN__:0x0
                0x00800060                __DATA_REGION_ORIGIN__ = DEFINED (__DATA_REGION_ORIGIN__)?__DATA_REGION_ORIGIN__:0x800060
                0x00020000                __TEXT_REGION_LENGTH__ = DEFINED (__TEXT_REGION_LENGTH__)?__TEXT_REGION_LENGTH__:0x20000
                0x0000ffa0                __DATA_REGION_LENGTH__ = DEFINED (__DATA_REGION_LENGTH__)?__DATA_REGION_LENGTH__:0xffa0
                0x00010000                __EEPROM_REGION_LENGTH__ = DEFINED (__EEPROM_REGION_LENGTH__)?__EEPROM_REGION_LENGTH__:0x10000
                [0x00000003]                __FUSE_REGION_LENGTH__ = DEFINED (__FUSE_REGION_LENGTH__)?__FUSE_REGION_LENGTH__:0x400
                0x00000400                __LOCK_REGION_LENGTH__ = DEFINED (__LOCK_REGION_LENGTH__)?__LOCK_REGION_LENGTH__:0x400
                0x00000400                __SIGNATURE_REGION_LENGTH__ = DEFINED (__SIGNATURE_REGION_LENGTH__)?__SIGNATURE_REGION_LENGTH__:0x400
                0x00000400                __USER_SIGNATURE_REGION_LENGTH__ = DEFINED (__USER_SIGNATURE_REGION_LENGTH__)?__USER_SIGNATURE_REGION_LENGTH__:0x400

.hash
 *(.hash)

.dynsym
 *(.dynsym)

.dynstr
 *(.dynstr)

.gnu.version
 *(.gnu.version)

.gnu.version_d
 *(.gnu.version_d)

.gnu.version_r
 *(.gnu.version_r)

.rel.init
 *(.rel.init)

.rela.init
 *(.rela.init)

.rel.text
 *(.rel.text)
 *(.rel.text.*)
 *(.rel.gnu.linkonce.t*)

.rela.text
 *(.rela.text)
 *(.rela.text.*)
 *(.rela.gnu.linkonce.t*)

.rel.fini
 *(.rel.fini)

.rela.fini
 *(.rela.fini)

.rel.rodata
 *(.rel.rodata)
 *(.rel.rodata.*)
 *(.rel.gnu.linkonce.r*)

.rela.rodata
 *(.rela.rodata)
 *(.rela.rodata.*)
 *(.rela.gnu.linkonce.r*)

.rel.data
 *(.rel.data)
 *(.rel.data.*)
 *(.rel.gnu.linkonce.d*)

.rela.data
 *(.rela.data)
 *(.rela.data.*)
 *(.rela.gnu.linkonce.d*)

.rel.ctors
 *(.rel.ctors)

.rela.ctors
 *(.rela.ctors)

.rel.dtors
 *(.rel.dtors)

.rela.dtors
 *(.rela.dtors)

.rel.got
 *(.rel.got)

.rela.got
 *(.rela.got)

.rel.bss
 *(.rel.bss)

.rela.bss
 *(.rela.bss)

.rel.plt
 *(.rel.plt)

.rela.plt
 *(.rela.plt)

.text           0x00000000     0x2390
 *(.vectors)
 .vectors       0x00000000       0x68 C:/Program Files (x86)/Atmel/Studio/7.0/Packs/atmel/ATmega_DFP/1.3.300/gcc/dev/atmega328p/avr5/crtatmega328p.o
                0x00000000                __vector_default
                0x00000000                __vectors
 *(.vectors)
 *(.progmem.gcc*)
 .progmem.gcc_sw_table.loop
                0x00000068        0xe Sketch.o
                0x00000076                . = ALIGN (0x2)
                0x00000076                __trampolines_start = .
 *(.trampolines)
 .trampolines   0x00000076        0x0 linker stubs
 *(.trampolines*)
                0x00000076                __trampolines_end = .
 *libprintf_flt.a:*(.progmem.data)
 *libc.a:*(.progmem.data)
 *(.progmem*)
 .progmem.data.digital_pin_to_timer_PGM
                0x00000076       0x14 C:\Users\mio\Desktop\CardKB_Serial\CardKeyboard\ArduinoCore\Debug\libArduinoCore.a(wiring_digital.o)
                0x00000076                digital_pin_to_timer_PGM
 .progmem.data.digital_pin_to_bit_mask_PGM
                0x0000008a       0x14 C:\Users\mio\Desktop\CardKB_Serial\CardKeyboard\ArduinoCore\Debug\libArduinoCore.a(wiring_digital.o)
                0x0000008a                digital_pin_to_bit_mask_PGM
 .progmem.data.digital_pin_to_port_PGM
                0x0000009e       0x14 C:\Users\mio\Desktop\CardKB_Serial\CardKeyboard\ArduinoCore\Debug\libArduinoCore.a(wiring_digital.o)
                0x0000009e                digital_pin_to_port_PGM
 .progmem.data.port_to_input_PGM
                0x000000b2        0xa C:\Users\mio\Desktop\CardKB_Serial\CardKeyboard\ArduinoCore\Debug\libArduinoCore.a(wiring_digital.o)
                0x000000b2                port_to_input_PGM
 .progmem.data.port_to_output_PGM
                0x000000bc        0xa C:\Users\mio\Desktop\CardKB_Serial\CardKeyboard\ArduinoCore\Debug\libArduinoCore.a(wiring_digital.o)
                0x000000bc                port_to_output_PGM
 .progmem.data.port_to_mode_PGM
                0x000000c6        0xa C:\Users\mio\Desktop\CardKB_Serial\CardKeyboard\ArduinoCore\Debug\libArduinoCore.a(wiring_digital.o)
                0x000000c6                port_to_mode_PGM
                0x000000d0                . = ALIGN (0x2)
 *(.jumptables)
 *(.jumptables*)
 *(.lowtext)
 *(.lowtext*)
                0x000000d0                __ctors_start = .
 *(.ctors)
 .ctors         0x000000d0        0x2 Sketch.o
 .ctors         0x000000d2        0x2 Wire.o
                0x000000d4                __ctors_end = .
                0x000000d4                __dtors_start = .
 *(.dtors)
 .dtors         0x000000d4        0x2 Sketch.o
                0x000000d6                __dtors_end = .
 SORT(*)(.ctors)
 SORT(*)(.dtors)
 *(.init0)
 .init0         0x000000d6        0x0 C:/Program Files (x86)/Atmel/Studio/7.0/Packs/atmel/ATmega_DFP/1.3.300/gcc/dev/atmega328p/avr5/crtatmega328p.o
                0x000000d6                __init
 *(.init0)
 *(.init1)
 *(.init1)
 *(.init2)
 .init2         0x000000d6        0xc C:/Program Files (x86)/Atmel/Studio/7.0/Packs/atmel/ATmega_DFP/1.3.300/gcc/dev/atmega328p/avr5/crtatmega328p.o
 *(.init2)
 *(.init3)
 *(.init3)
 *(.init4)
 .init4         0x000000e2       0x16 c:/program files (x86)/atmel/studio/7.0/toolchain/avr8/avr8-gnu-toolchain/bin/../lib/gcc/avr/5.4.0/avr5\libgcc.a(_copy_data.o)
                0x000000e2                __do_copy_data
 .init4         0x000000f8       0x10 c:/program files (x86)/atmel/studio/7.0/toolchain/avr8/avr8-gnu-toolchain/bin/../lib/gcc/avr/5.4.0/avr5\libgcc.a(_clear_bss.o)
                0x000000f8                __do_clear_bss
 *(.init4)
 *(.init5)
 *(.init5)
 *(.init6)
 .init6         0x00000108       0x16 c:/program files (x86)/atmel/studio/7.0/toolchain/avr8/avr8-gnu-toolchain/bin/../lib/gcc/avr/5.4.0/avr5\libgcc.a(_ctors.o)
                0x00000108                __do_global_ctors
 *(.init6)
 *(.init7)
 *(.init7)
 *(.init8)
 *(.init8)
 *(.init9)
 .init9         0x0000011e        0x8 C:/Program Files (x86)/Atmel/Studio/7.0/Packs/atmel/ATmega_DFP/1.3.300/gcc/dev/atmega328p/avr5/crtatmega328p.o
 *(.init9)
 *(.text)
 .text          0x00000126        0x4 C:/Program Files (x86)/Atmel/Studio/7.0/Packs/atmel/ATmega_DFP/1.3.300/gcc/dev/atmega328p/avr5/crtatmega328p.o
                0x00000126                __vector_22
                0x00000126                __vector_1
                0x00000126                __vector_12
                0x00000126                __bad_interrupt
                0x00000126                __vector_6
                0x00000126                __vector_23
                0x00000126                __vector_25
                0x00000126                __vector_11
                0x00000126                __vector_13
                0x00000126                __vector_17
                0x00000126                __vector_19
                0x00000126                __vector_7
                0x00000126                __vector_9
                0x00000126                __vector_2
                0x00000126                __vector_21
                0x00000126                __vector_15
                0x00000126                __vector_8
                0x00000126                __vector_14
                0x00000126                __vector_10
                0x00000126                __vector_18
                0x00000126                __vector_20
                0x0000012a                . = ALIGN (0x2)
 *(.text.*)
 .text._ZN17Adafruit_NeoPixelD2Ev
                0x0000012a       0x26 Adafruit_NeoPixel.o
                0x0000012a                _ZN17Adafruit_NeoPixelD2Ev
                0x0000012a                _ZN17Adafruit_NeoPixelD1Ev
 .text._ZN17Adafruit_NeoPixel5beginEv
                0x00000150       0x26 Adafruit_NeoPixel.o
                0x00000150                _ZN17Adafruit_NeoPixel5beginEv
 .text._ZN17Adafruit_NeoPixel12updateLengthEj
                0x00000176       0x70 Adafruit_NeoPixel.o
                0x00000176                _ZN17Adafruit_NeoPixel12updateLengthEj
 .text._ZN17Adafruit_NeoPixel10updateTypeEj
                0x000001e6       0x6e Adafruit_NeoPixel.o
                0x000001e6                _ZN17Adafruit_NeoPixel10updateTypeEj
 .text._ZN17Adafruit_NeoPixel4showEv
                0x00000254      0x37c Adafruit_NeoPixel.o
                0x00000254                _ZN17Adafruit_NeoPixel4showEv
 .text._ZN17Adafruit_NeoPixel6setPinEj
                0x000005d0       0x7c Adafruit_NeoPixel.o
                0x000005d0                _ZN17Adafruit_NeoPixel6setPinEj
 .text._ZN17Adafruit_NeoPixelC2Ejjj
                0x0000064c       0x44 Adafruit_NeoPixel.o
                0x0000064c                _ZN17Adafruit_NeoPixelC1Ejjj
                0x0000064c                _ZN17Adafruit_NeoPixelC2Ejjj
 .text._ZN17Adafruit_NeoPixel13setPixelColorEjm
                0x00000690       0xea Adafruit_NeoPixel.o
                0x00000690                _ZN17Adafruit_NeoPixel13setPixelColorEjm
 .text._Z7flashOnv
                0x0000077a       0x1c Sketch.o
                0x0000077a                _Z7flashOnv
 .text._Z8flashOffv
                0x00000796       0x1a Sketch.o
                0x00000796                _Z8flashOffv
 .text.setup    0x000007b0      0x142 Sketch.o
                0x000007b0                setup
 .text._Z8GetInputv
                0x000008f2      0x6ca Sketch.o
                0x000008f2                _Z8GetInputv
 .text.startup._GLOBAL__sub_I_pixels
                0x00000fbc       0x22 Sketch.o
 .text.exit._GLOBAL__sub_D_pixels
                0x00000fde       0x10 Sketch.o
 .text._Z12requestEventv
                0x00000fee       0xa4 Sketch.o
                0x00000fee                _Z12requestEventv
 .text.loop     0x00001092      0x36a Sketch.o
                0x00001092                loop
 .text._ZN5Print17availableForWriteEv
                0x000013fc        0x6 SoftwareSerial.o
                0x000013fc                _ZN5Print17availableForWriteEv
 .text._ZN14SoftwareSerial4readEv
                0x00001402       0x42 SoftwareSerial.o
                0x00001402                _ZN14SoftwareSerial4readEv
 .text._ZN14SoftwareSerial5writeEh
                0x00001444       0xa0 SoftwareSerial.o
                0x00001444                _ZN14SoftwareSerial5writeEh
 .text._ZN14SoftwareSerial5flushEv
                0x000014e4        0x2 SoftwareSerial.o
                0x000014e4                _ZN14SoftwareSerial5flushEv
 .text._ZN14SoftwareSerial4peekEv
                0x000014e6       0x30 SoftwareSerial.o
                0x000014e6                _ZN14SoftwareSerial4peekEv
 .text._ZN14SoftwareSerial9availableEv
                0x00001516       0x30 SoftwareSerial.o
                0x00001516                _ZN14SoftwareSerial9availableEv
 .text._ZN14SoftwareSerial13stopListeningEv
                0x00001546       0x2c SoftwareSerial.o
                0x00001546                _ZN14SoftwareSerial13stopListeningEv
 .text._ZN14SoftwareSerial6listenEv
                0x00001572       0x52 SoftwareSerial.o
                0x00001572                _ZN14SoftwareSerial6listenEv
 .text.__vector_3
                0x000015c4       0xf4 SoftwareSerial.o
                0x000015c4                __vector_5
                0x000015c4                __vector_4
                0x000015c4                __vector_3
 .text._ZN14SoftwareSerialD2Ev
                0x000016b8        0xe SoftwareSerial.o
                0x000016b8                _ZN14SoftwareSerialD1Ev
                0x000016b8                _ZN14SoftwareSerialD2Ev
 .text._ZN14SoftwareSerial5setTXEh
                0x000016c6       0x52 SoftwareSerial.o
                0x000016c6                _ZN14SoftwareSerial5setTXEh
 .text._ZN14SoftwareSerial5setRXEh
                0x00001718       0x52 SoftwareSerial.o
                0x00001718                _ZN14SoftwareSerial5setRXEh
 .text._ZN14SoftwareSerialC2Ehhb
                0x0000176a       0x56 SoftwareSerial.o
                0x0000176a                _ZN14SoftwareSerialC1Ehhb
                0x0000176a                _ZN14SoftwareSerialC2Ehhb
 .text._ZN14SoftwareSerial5beginEl
                0x000017c0      0x11c SoftwareSerial.o
                0x000017c0                _ZN14SoftwareSerial5beginEl
 .text.twi_transmit
                0x000018dc       0x50 twi.o
                0x000018dc                twi_transmit
 .text.twi_stop
                0x0000192c       0x14 twi.o
                0x0000192c                twi_stop
 .text.twi_releaseBus
                0x00001940        0xc twi.o
                0x00001940                twi_releaseBus
 .text.__vector_24
                0x0000194c      0x25a twi.o
                0x0000194c                __vector_24
 .text._ZN7TwoWire9availableEv
                0x00001ba6       0x10 Wire.o
                0x00001ba6                _ZN7TwoWire9availableEv
 .text._ZN7TwoWire4readEv
                0x00001bb6       0x28 Wire.o
                0x00001bb6                _ZN7TwoWire4readEv
 .text._ZN7TwoWire4peekEv
                0x00001bde       0x1e Wire.o
                0x00001bde                _ZN7TwoWire4peekEv
 .text._ZN7TwoWire5flushEv
                0x00001bfc        0x2 Wire.o
                0x00001bfc                _ZN7TwoWire5flushEv
 .text._ZN7TwoWire5writeEPKhj
                0x00001bfe       0x5a Wire.o
                0x00001bfe                _ZN7TwoWire5writeEPKhj
 .text._ZN7TwoWire5writeEh
                0x00001c58       0x5e Wire.o
                0x00001c58                _ZN7TwoWire5writeEh
 .text._ZN7TwoWireC2Ev
                0x00001cb6       0x20 Wire.o
                0x00001cb6                _ZN7TwoWireC1Ev
                0x00001cb6                _ZN7TwoWireC2Ev
 .text.startup._GLOBAL__sub_I__ZN7TwoWire8rxBufferE
                0x00001cd6        0x8 Wire.o
 .text.initVariant
                0x00001cde        0x2 C:\Users\mio\Desktop\CardKB_Serial\CardKeyboard\ArduinoCore\Debug\libArduinoCore.a(main.o)
                0x00001cde                initVariant
 .text.startup.main
                0x00001ce0       0x1e C:\Users\mio\Desktop\CardKB_Serial\CardKeyboard\ArduinoCore\Debug\libArduinoCore.a(main.o)
                0x00001ce0                main
 .text._ZN5Print5writeEPKhj
                0x00001cfe       0x54 C:\Users\mio\Desktop\CardKB_Serial\CardKeyboard\ArduinoCore\Debug\libArduinoCore.a(Print.o)
                0x00001cfe                _ZN5Print5writeEPKhj
 .text.__vector_16
                0x00001d52       0x94 C:\Users\mio\Desktop\CardKB_Serial\CardKeyboard\ArduinoCore\Debug\libArduinoCore.a(wiring.o)
                0x00001d52                __vector_16
 .text.micros   0x00001de6       0x4a C:\Users\mio\Desktop\CardKB_Serial\CardKeyboard\ArduinoCore\Debug\libArduinoCore.a(wiring.o)
                0x00001de6                micros
 .text.delay    0x00001e30       0x78 C:\Users\mio\Desktop\CardKB_Serial\CardKeyboard\ArduinoCore\Debug\libArduinoCore.a(wiring.o)
                0x00001e30                delay
 .text.init     0x00001ea8       0x76 C:\Users\mio\Desktop\CardKB_Serial\CardKeyboard\ArduinoCore\Debug\libArduinoCore.a(wiring.o)
                0x00001ea8                init
 .text.turnOffPWM
                0x00001f1e       0x52 C:\Users\mio\Desktop\CardKB_Serial\CardKeyboard\ArduinoCore\Debug\libArduinoCore.a(wiring_digital.o)
 .text.pinMode  0x00001f70       0x78 C:\Users\mio\Desktop\CardKB_Serial\CardKeyboard\ArduinoCore\Debug\libArduinoCore.a(wiring_digital.o)
                0x00001f70                pinMode
 .text.digitalWrite
                0x00001fe8       0x5e C:\Users\mio\Desktop\CardKB_Serial\CardKeyboard\ArduinoCore\Debug\libArduinoCore.a(wiring_digital.o)
                0x00001fe8                digitalWrite
 .text.__empty  0x00002046        0x2 C:\Users\mio\Desktop\CardKB_Serial\CardKeyboard\ArduinoCore\Debug\libArduinoCore.a(hooks.o)
                0x00002046                yield
 .text.libgcc.div
                0x00002048       0x28 c:/program files (x86)/atmel/studio/7.0/toolchain/avr8/avr8-gnu-toolchain/bin/../lib/gcc/avr/5.4.0/avr5\libgcc.a(_udivmodhi4.o)
                0x00002048                __udivmodhi4
 .text.libgcc.div
                0x00002070       0x28 c:/program files (x86)/atmel/studio/7.0/toolchain/avr8/avr8-gnu-toolchain/bin/../lib/gcc/avr/5.4.0/avr5\libgcc.a(_divmodhi4.o)
                0x00002070                _div
                0x00002070                __divmodhi4
 .text.libgcc.div
                0x00002098       0x44 c:/program files (x86)/atmel/studio/7.0/toolchain/avr8/avr8-gnu-toolchain/bin/../lib/gcc/avr/5.4.0/avr5\libgcc.a(_udivmodsi4.o)
                0x00002098                __udivmodsi4
 .text.libgcc.div
                0x000020dc       0x2e c:/program files (x86)/atmel/studio/7.0/toolchain/avr8/avr8-gnu-toolchain/bin/../lib/gcc/avr/5.4.0/avr5\libgcc.a(_divmodsi4.o)
                0x000020dc                __divmodsi4
 .text.libgcc.div
                0x0000210a       0x10 c:/program files (x86)/atmel/studio/7.0/toolchain/avr8/avr8-gnu-toolchain/bin/../lib/gcc/avr/5.4.0/avr5\libgcc.a(_negsi2.o)
                0x0000210a                __negsi2
 .text.libgcc   0x0000211a        0xc c:/program files (x86)/atmel/studio/7.0/toolchain/avr8/avr8-gnu-toolchain/bin/../lib/gcc/avr/5.4.0/avr5\libgcc.a(_tablejump2.o)
                0x0000211a                __tablejump2__
 .text.avr-libc
                0x00002126      0x242 c:/program files (x86)/atmel/studio/7.0/toolchain/avr8/avr8-gnu-toolchain/bin/../lib/gcc/avr/5.4.0/../../../../avr/lib/avr5\libc.a(malloc.o)
                0x00002126                malloc
                0x00002256                free
 .text.avr-libc
                0x00002368        0xe c:/program files (x86)/atmel/studio/7.0/toolchain/avr8/avr8-gnu-toolchain/bin/../lib/gcc/avr/5.4.0/../../../../avr/lib/avr5\libc.a(memset.o)
                0x00002368                memset
                0x00002376                . = ALIGN (0x2)
 *(.fini9)
 .fini9         0x00002376        0x0 c:/program files (x86)/atmel/studio/7.0/toolchain/avr8/avr8-gnu-toolchain/bin/../lib/gcc/avr/5.4.0/avr5\libgcc.a(_exit.o)
                0x00002376                _exit
                0x00002376                exit
 *(.fini9)
 *(.fini8)
 *(.fini8)
 *(.fini7)
 *(.fini7)
 *(.fini6)
 .fini6         0x00002376       0x16 c:/program files (x86)/atmel/studio/7.0/toolchain/avr8/avr8-gnu-toolchain/bin/../lib/gcc/avr/5.4.0/avr5\libgcc.a(_dtors.o)
                0x00002376                __do_global_dtors
 *(.fini6)
 *(.fini5)
 *(.fini5)
 *(.fini4)
 *(.fini4)
 *(.fini3)
 *(.fini3)
 *(.fini2)
 *(.fini2)
 *(.fini1)
 *(.fini1)
 *(.fini0)
 .fini0         0x0000238c        0x4 c:/program files (x86)/atmel/studio/7.0/toolchain/avr8/avr8-gnu-toolchain/bin/../lib/gcc/avr/5.4.0/avr5\libgcc.a(_exit.o)
 *(.fini0)
                0x00002390                _etext = .

.data           0x00800100      0x180 load address 0x00002390
                0x00800100                PROVIDE (__data_start, .)
 *(.data)
 .data          0x00800100        0x6 c:/program files (x86)/atmel/studio/7.0/toolchain/avr8/avr8-gnu-toolchain/bin/../lib/gcc/avr/5.4.0/../../../../avr/lib/avr5\libc.a(malloc.o)
                0x00800100                __malloc_heap_end
                0x00800102                __malloc_heap_start
                0x00800104                __malloc_margin
 *(.data*)
 .data.KeyMap   0x00800106      0x150 Sketch.o
                0x00800106                KeyMap
 *(.gnu.linkonce.d*)
 *(.rodata)
 *(.rodata*)
 .rodata.str1.1
                0x00800256        0x5 Sketch.o
 .rodata._ZTV14SoftwareSerial
                0x0080025b       0x12 SoftwareSerial.o
                0x0080025b                _ZTV14SoftwareSerial
 .rodata._ZTV7TwoWire
                0x0080026d       0x12 Wire.o
                0x0080026d                _ZTV7TwoWire
 *(.gnu.linkonce.r*)
                0x00800280                . = ALIGN (0x2)
 *fill*         0x0080027f        0x1 
                0x00800280                _edata = .
                0x00800280                PROVIDE (__data_end, .)

.bss            0x00800280      0x151
                0x00800280                PROVIDE (__bss_start, .)
 *(.bss)
 *(.bss*)
 .bss.Mode      0x00800280        0x2 Sketch.o
                0x00800280                Mode
 .bss.hadPressed
                0x00800282        0x1 Sketch.o
                0x00800282                hadPressed
 .bss.KEY       0x00800283        0x1 Sketch.o
                0x00800283                KEY
 .bss.idle      0x00800284        0x2 Sketch.o
                0x00800284                idle
 .bss._sym      0x00800286        0x2 Sketch.o
                0x00800286                _sym
 .bss._fn       0x00800288        0x2 Sketch.o
                0x00800288                _fn
 .bss._shift    0x0080028a        0x2 Sketch.o
                0x0080028a                _shift
 .bss.softSerial
                0x0080028c       0x1f Sketch.o
                0x0080028c                softSerial
 .bss.pixels    0x008002ab       0x16 Sketch.o
                0x008002ab                pixels
 .bss._ZN14SoftwareSerial20_receive_buffer_headE
                0x008002c1        0x1 SoftwareSerial.o
                0x008002c1                _ZN14SoftwareSerial20_receive_buffer_headE
 .bss._ZN14SoftwareSerial20_receive_buffer_tailE
                0x008002c2        0x1 SoftwareSerial.o
                0x008002c2                _ZN14SoftwareSerial20_receive_buffer_tailE
 .bss._ZN14SoftwareSerial15_receive_bufferE
                0x008002c3       0x40 SoftwareSerial.o
                0x008002c3                _ZN14SoftwareSerial15_receive_bufferE
 .bss._ZN14SoftwareSerial13active_objectE
                0x00800303        0x2 SoftwareSerial.o
                0x00800303                _ZN14SoftwareSerial13active_objectE
 .bss.twi_error
                0x00800305        0x1 twi.o
 .bss.twi_rxBufferIndex
                0x00800306        0x1 twi.o
 .bss.twi_rxBuffer
                0x00800307       0x20 twi.o
 .bss.twi_txBufferLength
                0x00800327        0x1 twi.o
 .bss.twi_txBufferIndex
                0x00800328        0x1 twi.o
 .bss.twi_txBuffer
                0x00800329       0x20 twi.o
 .bss.twi_masterBufferLength
                0x00800349        0x1 twi.o
 .bss.twi_masterBufferIndex
                0x0080034a        0x1 twi.o
 .bss.twi_masterBuffer
                0x0080034b       0x20 twi.o
 .bss.twi_onSlaveReceive
                0x0080036b        0x2 twi.o
 .bss.twi_onSlaveTransmit
                0x0080036d        0x2 twi.o
 .bss.twi_inRepStart
                0x0080036f        0x1 twi.o
 .bss.twi_sendStop
                0x00800370        0x1 twi.o
 .bss.twi_slarw
                0x00800371        0x1 twi.o
 .bss.twi_state
                0x00800372        0x1 twi.o
 .bss.Wire      0x00800373        0xc Wire.o
                0x00800373                Wire
 .bss._ZN7TwoWire12transmittingE
                0x0080037f        0x1 Wire.o
                0x0080037f                _ZN7TwoWire12transmittingE
 .bss._ZN7TwoWire14txBufferLengthE
                0x00800380        0x1 Wire.o
                0x00800380                _ZN7TwoWire14txBufferLengthE
 .bss._ZN7TwoWire13txBufferIndexE
                0x00800381        0x1 Wire.o
                0x00800381                _ZN7TwoWire13txBufferIndexE
 .bss._ZN7TwoWire8txBufferE
                0x00800382       0x20 Wire.o
                0x00800382                _ZN7TwoWire8txBufferE
 .bss._ZN7TwoWire14rxBufferLengthE
                0x008003a2        0x1 Wire.o
                0x008003a2                _ZN7TwoWire14rxBufferLengthE
 .bss._ZN7TwoWire13rxBufferIndexE
                0x008003a3        0x1 Wire.o
                0x008003a3                _ZN7TwoWire13rxBufferIndexE
 .bss._ZN7TwoWire8rxBufferE
                0x008003a4       0x20 Wire.o
                0x008003a4                _ZN7TwoWire8rxBufferE
 .bss.timer0_fract
                0x008003c4        0x1 C:\Users\mio\Desktop\CardKB_Serial\CardKeyboard\ArduinoCore\Debug\libArduinoCore.a(wiring.o)
 .bss.timer0_millis
                0x008003c5        0x4 C:\Users\mio\Desktop\CardKB_Serial\CardKeyboard\ArduinoCore\Debug\libArduinoCore.a(wiring.o)
                0x008003c5                timer0_millis
 .bss.timer0_overflow_count
                0x008003c9        0x4 C:\Users\mio\Desktop\CardKB_Serial\CardKeyboard\ArduinoCore\Debug\libArduinoCore.a(wiring.o)
                0x008003c9                timer0_overflow_count
 *(COMMON)
 COMMON         0x008003cd        0x4 c:/program files (x86)/atmel/studio/7.0/toolchain/avr8/avr8-gnu-toolchain/bin/../lib/gcc/avr/5.4.0/../../../../avr/lib/avr5\libc.a(malloc.o)
                0x008003cd                __brkval
                0x008003cf                __flp
                0x008003d1                PROVIDE (__bss_end, .)
                0x00002390                __data_load_start = LOADADDR (.data)
                0x00002510                __data_load_end = (__data_load_start + SIZEOF (.data))

.noinit         0x008003d1        0x0
                [!provide]                PROVIDE (__noinit_start, .)
 *(.noinit*)
                [!provide]                PROVIDE (__noinit_end, .)
                0x008003d1                _end = .
                0x008003d1                PROVIDE (__heap_start, .)

.eeprom         0x00810000        0x0
 *(.eeprom*)
                0x00810000                __eeprom_end = .

.fuse
 *(.fuse)
 *(.lfuse)
 *(.hfuse)
 *(.efuse)

.lock
 *(.lock*)

.signature
 *(.signature*)

.user_signatures
 *(.user_signatures*)

.stab
 *(.stab)

.stabstr
 *(.stabstr)

.stab.excl
 *(.stab.excl)

.stab.exclstr
 *(.stab.exclstr)

.stab.index
 *(.stab.index)

.stab.indexstr
 *(.stab.indexstr)

.comment        0x00000000       0x30
 *(.comment)
 .comment       0x00000000       0x30 Adafruit_NeoPixel.o
                                 0x31 (size before relaxing)
 .comment       0x00000030       0x31 Sketch.o
 .comment       0x00000030       0x31 SoftwareSerial.o
 .comment       0x00000030       0x31 twi.o
 .comment       0x00000030       0x31 Wire.o
 .comment       0x00000030       0x31 C:\Users\mio\Desktop\CardKB_Serial\CardKeyboard\ArduinoCore\Debug\libArduinoCore.a(main.o)
 .comment       0x00000030       0x31 C:\Users\mio\Desktop\CardKB_Serial\CardKeyboard\ArduinoCore\Debug\libArduinoCore.a(Print.o)
 .comment       0x00000030       0x31 C:\Users\mio\Desktop\CardKB_Serial\CardKeyboard\ArduinoCore\Debug\libArduinoCore.a(wiring.o)
 .comment       0x00000030       0x31 C:\Users\mio\Desktop\CardKB_Serial\CardKeyboard\ArduinoCore\Debug\libArduinoCore.a(wiring_digital.o)
 .comment       0x00000030       0x31 C:\Users\mio\Desktop\CardKB_Serial\CardKeyboard\ArduinoCore\Debug\libArduinoCore.a(hooks.o)
 .comment       0x00000030       0x31 c:/program files (x86)/atmel/studio/7.0/toolchain/avr8/avr8-gnu-toolchain/bin/../lib/gcc/avr/5.4.0/../../../../avr/lib/avr5\libc.a(malloc.o)

.note.gnu.avr.deviceinfo
                0x00000000       0x40
 .note.gnu.avr.deviceinfo
                0x00000000       0x40 C:/Program Files (x86)/Atmel/Studio/7.0/Packs/atmel/ATmega_DFP/1.3.300/gcc/dev/atmega328p/avr5/crtatmega328p.o

.note.gnu.build-id
 *(.note.gnu.build-id)

.debug
 *(.debug)

.line
 *(.line)

.debug_srcinfo
 *(.debug_srcinfo)

.debug_sfnames
 *(.debug_sfnames)

.debug_aranges  0x00000000      0x4f0
 *(.debug_aranges)
 .debug_aranges
                0x00000000       0xa8 Adafruit_NeoPixel.o
 .debug_aranges
                0x000000a8       0x58 Sketch.o
 .debug_aranges
                0x00000100       0xa8 SoftwareSerial.o
 .debug_aranges
                0x000001a8       0x80 twi.o
 .debug_aranges
                0x00000228       0xf8 Wire.o
 .debug_aranges
                0x00000320       0x30 C:\Users\mio\Desktop\CardKB_Serial\CardKeyboard\ArduinoCore\Debug\libArduinoCore.a(main.o)
 .debug_aranges
                0x00000350      0x100 C:\Users\mio\Desktop\CardKB_Serial\CardKeyboard\ArduinoCore\Debug\libArduinoCore.a(Print.o)
 .debug_aranges
                0x00000450       0x48 C:\Users\mio\Desktop\CardKB_Serial\CardKeyboard\ArduinoCore\Debug\libArduinoCore.a(wiring.o)
 .debug_aranges
                0x00000498       0x38 C:\Users\mio\Desktop\CardKB_Serial\CardKeyboard\ArduinoCore\Debug\libArduinoCore.a(wiring_digital.o)
 .debug_aranges
                0x000004d0       0x20 C:\Users\mio\Desktop\CardKB_Serial\CardKeyboard\ArduinoCore\Debug\libArduinoCore.a(hooks.o)

.debug_pubnames
 *(.debug_pubnames)

.debug_info     0x00000000     0xbad5
 *(.debug_info .gnu.linkonce.wi.*)
 .debug_info    0x00000000      0x5f4 C:/Program Files (x86)/Atmel/Studio/7.0/Packs/atmel/ATmega_DFP/1.3.300/gcc/dev/atmega328p/avr5/crtatmega328p.o
 .debug_info    0x000005f4     0x12bf Adafruit_NeoPixel.o
 .debug_info    0x000018b3     0x173b Sketch.o
 .debug_info    0x00002fee     0x28f2 SoftwareSerial.o
 .debug_info    0x000058e0      0x604 twi.o
 .debug_info    0x00005ee4     0x27b4 Wire.o
 .debug_info    0x00008698      0x237 C:\Users\mio\Desktop\CardKB_Serial\CardKeyboard\ArduinoCore\Debug\libArduinoCore.a(main.o)
 .debug_info    0x000088cf     0x28ff C:\Users\mio\Desktop\CardKB_Serial\CardKeyboard\ArduinoCore\Debug\libArduinoCore.a(Print.o)
 .debug_info    0x0000b1ce      0x2cb C:\Users\mio\Desktop\CardKB_Serial\CardKeyboard\ArduinoCore\Debug\libArduinoCore.a(wiring.o)
 .debug_info    0x0000b499      0x5fe C:\Users\mio\Desktop\CardKB_Serial\CardKeyboard\ArduinoCore\Debug\libArduinoCore.a(wiring_digital.o)
 .debug_info    0x0000ba97       0x3e C:\Users\mio\Desktop\CardKB_Serial\CardKeyboard\ArduinoCore\Debug\libArduinoCore.a(hooks.o)

.debug_abbrev   0x00000000     0x2360
 *(.debug_abbrev)
 .debug_abbrev  0x00000000      0x5a2 C:/Program Files (x86)/Atmel/Studio/7.0/Packs/atmel/ATmega_DFP/1.3.300/gcc/dev/atmega328p/avr5/crtatmega328p.o
 .debug_abbrev  0x000005a2      0x3ed Adafruit_NeoPixel.o
 .debug_abbrev  0x0000098f      0x373 Sketch.o
 .debug_abbrev  0x00000d02      0x60b SoftwareSerial.o
 .debug_abbrev  0x0000130d      0x260 twi.o
 .debug_abbrev  0x0000156d      0x581 Wire.o
 .debug_abbrev  0x00001aee      0x12d C:\Users\mio\Desktop\CardKB_Serial\CardKeyboard\ArduinoCore\Debug\libArduinoCore.a(main.o)
 .debug_abbrev  0x00001c1b      0x47a C:\Users\mio\Desktop\CardKB_Serial\CardKeyboard\ArduinoCore\Debug\libArduinoCore.a(Print.o)
 .debug_abbrev  0x00002095      0x146 C:\Users\mio\Desktop\CardKB_Serial\CardKeyboard\ArduinoCore\Debug\libArduinoCore.a(wiring.o)
 .debug_abbrev  0x000021db      0x15b C:\Users\mio\Desktop\CardKB_Serial\CardKeyboard\ArduinoCore\Debug\libArduinoCore.a(wiring_digital.o)
 .debug_abbrev  0x00002336       0x2a C:\Users\mio\Desktop\CardKB_Serial\CardKeyboard\ArduinoCore\Debug\libArduinoCore.a(hooks.o)

.debug_line     0x00000000     0x340b
 *(.debug_line .debug_line.* .debug_line_end)
 .debug_line    0x00000000      0x133 C:/Program Files (x86)/Atmel/Studio/7.0/Packs/atmel/ATmega_DFP/1.3.300/gcc/dev/atmega328p/avr5/crtatmega328p.o
 .debug_line    0x00000133      0x7f5 Adafruit_NeoPixel.o
 .debug_line    0x00000928      0xae4 Sketch.o
 .debug_line    0x0000140c      0x7c7 SoftwareSerial.o
 .debug_line    0x00001bd3      0x511 twi.o
 .debug_line    0x000020e4      0x5bc Wire.o
 .debug_line    0x000026a0      0x17a C:\Users\mio\Desktop\CardKB_Serial\CardKeyboard\ArduinoCore\Debug\libArduinoCore.a(main.o)
 .debug_line    0x0000281a      0x69a C:\Users\mio\Desktop\CardKB_Serial\CardKeyboard\ArduinoCore\Debug\libArduinoCore.a(Print.o)
 .debug_line    0x00002eb4      0x2af C:\Users\mio\Desktop\CardKB_Serial\CardKeyboard\ArduinoCore\Debug\libArduinoCore.a(wiring.o)
 .debug_line    0x00003163      0x267 C:\Users\mio\Desktop\CardKB_Serial\CardKeyboard\ArduinoCore\Debug\libArduinoCore.a(wiring_digital.o)
 .debug_line    0x000033ca       0x41 C:\Users\mio\Desktop\CardKB_Serial\CardKeyboard\ArduinoCore\Debug\libArduinoCore.a(hooks.o)

.debug_frame    0x00000000      0xebc
 *(.debug_frame)
 .debug_frame   0x00000000      0x30c Adafruit_NeoPixel.o
 .debug_frame   0x0000030c       0xc0 Sketch.o
 .debug_frame   0x000003cc      0x1d4 SoftwareSerial.o
 .debug_frame   0x000005a0      0x134 twi.o
 .debug_frame   0x000006d4      0x284 Wire.o
 .debug_frame   0x00000958       0x54 C:\Users\mio\Desktop\CardKB_Serial\CardKeyboard\ArduinoCore\Debug\libArduinoCore.a(main.o)
 .debug_frame   0x000009ac      0x3ac C:\Users\mio\Desktop\CardKB_Serial\CardKeyboard\ArduinoCore\Debug\libArduinoCore.a(Print.o)
 .debug_frame   0x00000d58       0xc4 C:\Users\mio\Desktop\CardKB_Serial\CardKeyboard\ArduinoCore\Debug\libArduinoCore.a(wiring.o)
 .debug_frame   0x00000e1c       0x7c C:\Users\mio\Desktop\CardKB_Serial\CardKeyboard\ArduinoCore\Debug\libArduinoCore.a(wiring_digital.o)
 .debug_frame   0x00000e98       0x24 C:\Users\mio\Desktop\CardKB_Serial\CardKeyboard\ArduinoCore\Debug\libArduinoCore.a(hooks.o)

.debug_str      0x00000000     0x2de0
 *(.debug_str)
 .debug_str     0x00000000      0x208 C:/Program Files (x86)/Atmel/Studio/7.0/Packs/atmel/ATmega_DFP/1.3.300/gcc/dev/atmega328p/avr5/crtatmega328p.o
 .debug_str     0x00000208      0x847 Adafruit_NeoPixel.o
                                0x8b9 (size before relaxing)
 .debug_str     0x00000a4f      0x180 Sketch.o
                                0x90a (size before relaxing)
 .debug_str     0x00000bcf     0x1527 SoftwareSerial.o
                               0x18fe (size before relaxing)
 .debug_str     0x000020f6      0x2a3 twi.o
                                0x39f (size before relaxing)
 .debug_str     0x00002399      0x505 Wire.o
                               0x189e (size before relaxing)
 .debug_str     0x0000289e       0x9c C:\Users\mio\Desktop\CardKB_Serial\CardKeyboard\ArduinoCore\Debug\libArduinoCore.a(main.o)
                                0x2a1 (size before relaxing)
 .debug_str     0x0000293a      0x3b1 C:\Users\mio\Desktop\CardKB_Serial\CardKeyboard\ArduinoCore\Debug\libArduinoCore.a(Print.o)
                               0x122f (size before relaxing)
 .debug_str     0x00002ceb       0x70 C:\Users\mio\Desktop\CardKB_Serial\CardKeyboard\ArduinoCore\Debug\libArduinoCore.a(wiring.o)
                                0x237 (size before relaxing)
 .debug_str     0x00002d5b       0x69 C:\Users\mio\Desktop\CardKB_Serial\CardKeyboard\ArduinoCore\Debug\libArduinoCore.a(wiring_digital.o)
                                0x29c (size before relaxing)
 .debug_str     0x00002dc4       0x1c C:\Users\mio\Desktop\CardKB_Serial\CardKeyboard\ArduinoCore\Debug\libArduinoCore.a(hooks.o)
                                0x12c (size before relaxing)

.debug_loc      0x00000000     0x599f
 *(.debug_loc)
 .debug_loc     0x00000000     0x16a3 Adafruit_NeoPixel.o
 .debug_loc     0x000016a3      0x173 Sketch.o
 .debug_loc     0x00001816      0xc96 SoftwareSerial.o
 .debug_loc     0x000024ac      0x3e6 twi.o
 .debug_loc     0x00002892      0xbfd Wire.o
 .debug_loc     0x0000348f     0x1c87 C:\Users\mio\Desktop\CardKB_Serial\CardKeyboard\ArduinoCore\Debug\libArduinoCore.a(Print.o)
 .debug_loc     0x00005116      0x28d C:\Users\mio\Desktop\CardKB_Serial\CardKeyboard\ArduinoCore\Debug\libArduinoCore.a(wiring.o)
 .debug_loc     0x000053a3      0x5fc C:\Users\mio\Desktop\CardKB_Serial\CardKeyboard\ArduinoCore\Debug\libArduinoCore.a(wiring_digital.o)

.debug_macinfo
 *(.debug_macinfo)

.debug_weaknames
 *(.debug_weaknames)

.debug_funcnames
 *(.debug_funcnames)

.debug_typenames
 *(.debug_typenames)

.debug_varnames
 *(.debug_varnames)

.debug_pubtypes
 *(.debug_pubtypes)

.debug_ranges   0x00000000      0x4c8
 *(.debug_ranges)
 .debug_ranges  0x00000000       0x98 Adafruit_NeoPixel.o
 .debug_ranges  0x00000098       0x48 Sketch.o
 .debug_ranges  0x000000e0       0xe0 SoftwareSerial.o
 .debug_ranges  0x000001c0       0x70 twi.o
 .debug_ranges  0x00000230       0xe8 Wire.o
 .debug_ranges  0x00000318       0x20 C:\Users\mio\Desktop\CardKB_Serial\CardKeyboard\ArduinoCore\Debug\libArduinoCore.a(main.o)
 .debug_ranges  0x00000338      0x120 C:\Users\mio\Desktop\CardKB_Serial\CardKeyboard\ArduinoCore\Debug\libArduinoCore.a(Print.o)
 .debug_ranges  0x00000458       0x38 C:\Users\mio\Desktop\CardKB_Serial\CardKeyboard\ArduinoCore\Debug\libArduinoCore.a(wiring.o)
 .debug_ranges  0x00000490       0x28 C:\Users\mio\Desktop\CardKB_Serial\CardKeyboard\ArduinoCore\Debug\libArduinoCore.a(wiring_digital.o)
 .debug_ranges  0x000004b8       0x10 C:\Users\mio\Desktop\CardKB_Serial\CardKeyboard\ArduinoCore\Debug\libArduinoCore.a(hooks.o)

.debug_macro
 *(.debug_macro)
OUTPUT(CardKeyBoard.elf elf32-avr)
LOAD linker stubs
